197.75.48.131
no match found
197.75.48.131
250.17.196.34
72.217.84.214
