214.250.159.145
no match found
234.113.175.197
172.14.177.151
166.236.71.148
no match found
229.228.0.167
115.124.251.60
125.224.83.43
228.27.221.205
234.113.175.197
126.238.154.121
27.92.19.100
250.17.196.34
108.212.97.54
20.86.131.74
no match found
217.218.141.232
128.66.78.168
59.54.58.117
99.158.254.127
119.172.180.157
250.17.196.34
19.216.237.234
119.172.180.157
255.213.179.77
136.231.134.254
24.7.81.143
no match found
220.180.50.249
223.52.167.102
236.241.16.135
203.231.51.249
121.231.197.37
223.52.167.102
no match found
54.123.153.109
250.17.196.34
220.180.50.249
no match found
102.66.167.47
125.93.88.235
125.224.83.43
141.162.120.68
24.7.81.143
no match found
183.225.6.229
105.170.124.130
27.92.19.100
224.218.10.175
